<html>
<body>
<pre>
<h1>µVision Build Log</h1>
<h2>Tool Versions:</h2>
IDE-Version: ¦ÌVision V5.14.0.0
Copyright (C) 2015 ARM Ltd and ARM Germany GmbH. All rights reserved.
License Information: li Lee, cloudminds, LIC=V8563-A7KXP-QGY7I-TFH4V-TK5DI-5UB50
 
Tool Versions:
Toolchain:       MDK-ARM Professional  Version: 5.14.0.0
Toolchain Path:  d:\Keil_v5\ARM\ARMCC\Bin
C Compiler:      Armcc.exe V5.05 update 1 (build 106)
Assembler:       Armasm.exe V5.05 update 1 (build 106)
Linker/Locator:  ArmLink.exe V5.05 update 1 (build 106)
Library Manager: ArmAr.exe V5.05 update 1 (build 106)
Hex Converter:   FromElf.exe V5.05 update 1 (build 106)
CPU DLL:         SARMCM3.DLL V5.14.0.0
Dialog DLL:      DCM.DLL V1.13.1.0
Target DLL:      Segger\JL2CM3.dll V2.99.13.0
Dialog DLL:      TCM.DLL V1.14.4.0
 
<h2>Project:</h2>
E:\Stm32Project\NETCONN_TCP_v1.3\NETCONN_TCP_v1.3\USER\Template.uvprojx
Project File Date:  02/14/2019

<h2>Output:</h2>
Build target 'Template'
compiling can.c...
compiling message.c...
..\MOTORDRIVER\message.c(153): warning:  #1035-D: single-precision operand implicitly converted to double-precision
        if(w>0.5)
..\MOTORDRIVER\message.c: 1 warning, 0 errors
linking...
Program Size: Code=119396 RO-data=2984 RW-data=852 ZI-data=411868  
FromELF: creating hex file...
"..\OBJ\Template.axf" - 0 Error(s), 1 Warning(s).

<h2>Collection of Component include folders:</h2>
  E:\Stm32Project\NETCONN_TCP_v1.3\NETCONN_TCP_v1.3\USER\RTE
  d:\Keil_v5\ARM\PACK\Keil\STM32F4xx_DFP\2.11.0

<h2>Collection of Component Files used:</h2>
</pre>
</body>
</html>
