Component: ARM Compiler 5.05 update 1 (build 106) Tool: armlink [4d0efa]

==============================================================================

Section Cross References

    main.o(.text) refers to timer.o(.text) for synchronizationToRslidar
    main.o(.text) refers to message.o(.text) for MotionFeedbackHandle3
    main.o(.text) refers to delay.o(.text) for delay_ms
    main.o(.text) refers to os_core.o(.text) for OSStatInit
    main.o(.text) refers to os_cpu_a.o(.text) for OS_CPU_SR_Save
    main.o(.text) refers to can.o(.text) for can_task_init
    main.o(.text) refers to noretval__2printf.o(.text) for __2printf
    main.o(.text) refers to mpu6050_at.o(.text) for mpu_task_init
    main.o(.text) refers to lwip_comm.o(.text) for lwip_comm_init
    main.o(.text) refers to tcp_server_demo.o(.text) for tcp_server_init
    main.o(.text) refers to os_task.o(.text) for OSTaskCreate
    main.o(.text) refers to misc.o(.text) for NVIC_PriorityGroupConfig
    main.o(.text) refers to usart.o(.text) for uart_init
    main.o(.text) refers to usart6.o(.text) for usart6_init
    main.o(.text) refers to usart3.o(.text) for usart3_init
    main.o(.text) refers to led.o(.text) for LED_Init
    main.o(.text) refers to stm32f4xx_tim.o(.text) for TIM_SetCompare1
    main.o(.text) refers to sram.o(.text) for FSMC_SRAM_Init
    main.o(.text) refers to malloc.o(.text) for mymem_init
    main.o(.text) refers to main.o(.bss) for LED_TASK_STK
    main.o(.text) refers to usmart_config.o(.data) for usmart_dev
    system_stm32f4xx.o(.text) refers to system_stm32f4xx.o(.data) for SystemCoreClock
    key.o(.text) refers to stm32f4xx_rcc.o(.text) for RCC_AHB1PeriphClockCmd
    key.o(.text) refers to stm32f4xx_gpio.o(.text) for GPIO_Init
    key.o(.text) refers to delay.o(.text) for delay_ms
    key.o(.text) refers to key.o(.data) for key_up
    led.o(.text) refers to stm32f4xx_rcc.o(.text) for RCC_AHB1PeriphClockCmd
    led.o(.text) refers to stm32f4xx_gpio.o(.text) for GPIO_Init
    timer.o(.text) refers to _printf_pad.o(.text) for _printf_pre_padding
    timer.o(.text) refers to _printf_percent.o(.ARM.Collect$$_printf_percent$$00000000) for _printf_percent
    timer.o(.text) refers to _printf_d.o(.ARM.Collect$$_printf_percent$$00000009) for _printf_d
    timer.o(.text) refers to _printf_dec.o(.text) for _printf_int_dec
    timer.o(.text) refers to _printf_x.o(.ARM.Collect$$_printf_percent$$0000000C) for _printf_x
    timer.o(.text) refers to _printf_hex_int.o(.text) for _printf_longlong_hex
    timer.o(.text) refers to stm32f4xx_rcc.o(.text) for RCC_AHB1PeriphClockCmd
    timer.o(.text) refers to stm32f4xx_gpio.o(.text) for GPIO_PinAFConfig
    timer.o(.text) refers to stm32f4xx_tim.o(.text) for TIM_TimeBaseInit
    timer.o(.text) refers to misc.o(.text) for NVIC_Init
    timer.o(.text) refers to rt_memclr.o(.text) for __aeabi_memclr
    timer.o(.text) refers to os_time.o(.text) for OSTimeGet
    timer.o(.text) refers to noretval__2sprintf.o(.text) for __2sprintf
    timer.o(.text) refers to strlen.o(.text) for strlen
    timer.o(.text) refers to stm32f4xx_usart.o(.text) for USART_GetFlagStatus
    timer.o(.text) refers to timer.o(.bss) for gpsBuff
    timer.o(.text) refers to timer.o(.data) for timeCount
    timer.o(.text) refers to timer.o(.conststring) for .conststring
    timer.o(.text) refers to usart6.o(.data) for USART6_RX_STA
    timer.o(.text) refers to usart3.o(.data) for USART3_RX_STA
    lan8720.o(.text) refers to stm32f4xx_rcc.o(.text) for RCC_AHB1PeriphClockCmd
    lan8720.o(.text) refers to stm32f4x7_eth.o(.text) for ETH_DeInit
    lan8720.o(.text) refers to misc.o(.text) for NVIC_Init
    lan8720.o(.text) refers to stm32f4xx_syscfg.o(.text) for SYSCFG_ETH_MediaInterfaceConfig
    lan8720.o(.text) refers to stm32f4xx_gpio.o(.text) for GPIO_Init
    lan8720.o(.text) refers to delay.o(.text) for delay_ms
    lan8720.o(.text) refers to lwip_comm.o(.text) for lwip_pkt_handle
    lan8720.o(.text) refers to malloc.o(.text) for myfree
    lan8720.o(.text) refers to stm32f4x7_eth.o(.data) for DMARxDescToGet
    lan8720.o(.text) refers to lan8720.o(.data) for DMARxDscrTab
    sram.o(.text) refers to stm32f4xx_rcc.o(.text) for RCC_AHB1PeriphClockCmd
    sram.o(.text) refers to stm32f4xx_gpio.o(.text) for GPIO_Init
    sram.o(.text) refers to stm32f4xx_fsmc.o(.text) for FSMC_NORSRAMInit
    can.o(.text) refers to _printf_percent.o(.ARM.Collect$$_printf_percent$$00000000) for _printf_percent
    can.o(.text) refers to _printf_d.o(.ARM.Collect$$_printf_percent$$00000009) for _printf_d
    can.o(.text) refers to _printf_dec.o(.text) for _printf_int_dec
    can.o(.text) refers to stm32f4xx_can.o(.text) for CAN_Transmit
    can.o(.text) refers to driver.o(.text) for FeedbackMessge
    can.o(.text) refers to delay.o(.text) for delay_ms
    can.o(.text) refers to queue.o(.text) for GetAndDelQueueinter
[...]
    netbuf_delete                            0x08012e63   Thumb Code    32  netbuf.o(.text)
    netbuf_alloc                             0x08012e83   Thumb Code   102  netbuf.o(.text)
    netbuf_free                              0x08012ee9   Thumb Code    48  netbuf.o(.text)
    netbuf_ref                               0x08012f19   Thumb Code    92  netbuf.o(.text)
    netbuf_chain                             0x08012f75   Thumb Code    78  netbuf.o(.text)
    netbuf_data                              0x08012fc3   Thumb Code   122  netbuf.o(.text)
    netbuf_next                              0x0801303d   Thumb Code    64  netbuf.o(.text)
    netbuf_first                             0x0801307d   Thumb Code    36  netbuf.o(.text)
    lwip_socket_init                         0x080131f5   Thumb Code     2  sockets.o(.text)
    lwip_accept                              0x080134a1   Thumb Code   668  sockets.o(.text)
    lwip_bind                                0x0801373d   Thumb Code   186  sockets.o(.text)
    lwip_close                               0x080137f7   Thumb Code    94  sockets.o(.text)
    lwip_connect                             0x08013855   Thumb Code   206  sockets.o(.text)
    lwip_listen                              0x08013923   Thumb Code   136  sockets.o(.text)
    lwip_recvfrom                            0x080139ab   Thumb Code   816  sockets.o(.text)
    lwip_read                                0x08013cdb   Thumb Code    28  sockets.o(.text)
    lwip_recv                                0x08013cf7   Thumb Code    34  sockets.o(.text)
    lwip_sendto                              0x08013d19   Thumb Code   278  sockets.o(.text)
    lwip_send                                0x08013e2f   Thumb Code   156  sockets.o(.text)
    lwip_socket                              0x08013ecb   Thumb Code   296  sockets.o(.text)
    lwip_write                               0x08013ff3   Thumb Code    22  sockets.o(.text)
    lwip_select                              0x08014185   Thumb Code   868  sockets.o(.text)
    lwip_shutdown                            0x080144e9   Thumb Code   298  sockets.o(.text)
    lwip_getpeername                         0x08014695   Thumb Code    22  sockets.o(.text)
    lwip_getsockname                         0x080146ab   Thumb Code    22  sockets.o(.text)
    lwip_getsockopt                          0x080148bd   Thumb Code   410  sockets.o(.text)
    lwip_setsockopt                          0x08014c0d   Thumb Code   318  sockets.o(.text)
    lwip_ioctl                               0x08014d4b   Thumb Code   116  sockets.o(.text)
    lwip_fcntl                               0x08014dbf   Thumb Code   142  sockets.o(.text)
    tcpip_input                              0x08014f33   Thumb Code    72  tcpip.o(.text)
    tcpip_callback_with_block                0x08014f7b   Thumb Code    90  tcpip.o(.text)
    tcpip_timeout                            0x08014fd5   Thumb Code    64  tcpip.o(.text)
    tcpip_untimeout                          0x08015015   Thumb Code    56  tcpip.o(.text)
    tcpip_apimsg                             0x0801504d   Thumb Code    60  tcpip.o(.text)
    tcpip_callbackmsg_new                    0x08015089   Thumb Code    32  tcpip.o(.text)
    tcpip_callbackmsg_delete                 0x080150a9   Thumb Code    14  tcpip.o(.text)
    tcpip_trycallback                        0x080150b7   Thumb Code    28  tcpip.o(.text)
    tcpip_init                               0x080150d3   Thumb Code    72  tcpip.o(.text)
    pbuf_free_callback                       0x08015129   Thumb Code    16  tcpip.o(.text)
    mem_free_callback                        0x08015139   Thumb Code    16  tcpip.o(.text)
    OS_StrLen                                0x08015205   Thumb Code    20  os_core.o(.text)
    OSEventNameGet                           0x08015219   Thumb Code    98  os_core.o(.text)
    OSEventNameSet                           0x0801527b   Thumb Code    84  os_core.o(.text)
    OS_TaskStatStkChk                        0x080152cf   Thumb Code    54  os_core.o(.text)
    OS_TaskStat                              0x08015305   Thumb Code   116  os_core.o(.text)
    OS_TaskIdle                              0x080153ad   Thumb Code    34  os_core.o(.text)
    OS_MemClr                                0x08015403   Thumb Code    18  os_core.o(.text)
    OSInit                                   0x08015529   Thumb Code    52  os_core.o(.text)
    OSIntEnter                               0x0801555d   Thumb Code    28  os_core.o(.text)
    OSIntExit                                0x08015593   Thumb Code   262  os_core.o(.text)
    OSSchedLock                              0x08015699   Thumb Code    50  os_core.o(.text)
    OS_Sched                                 0x080156cb   Thumb Code    88  os_core.o(.text)
    OSSchedUnlock                            0x08015723   Thumb Code    82  os_core.o(.text)
    OSStart                                  0x08015775   Thumb Code    48  os_core.o(.text)
    OSStatInit                               0x080157a5   Thumb Code    62  os_core.o(.text)
    OSTimeTick                               0x080157e3   Thumb Code   210  os_core.o(.text)
    OSVersion                                0x080158b5   Thumb Code     6  os_core.o(.text)
    OS_Dummy                                 0x080158bb   Thumb Code     2  os_core.o(.text)
    OS_EventTaskRemove                       0x080158bd   Thumb Code    42  os_core.o(.text)
    OS_EventTaskRdy                          0x080158e7   Thumb Code   114  os_core.o(.text)
    OS_EventTaskWait                         0x08015959   Thumb Code   112  os_core.o(.text)
    OS_EventWaitListInit                     0x080159c9   Thumb Code    28  os_core.o(.text)
    OS_MemCopy                               0x080159e5   Thumb Code    20  os_core.o(.text)
    OS_TCBInit                               0x080159f9   Thumb Code   360  os_core.o(.text)
    OSFlagAccept                             0x08015b75   Thumb Code   252  os_flag.o(.text)
    OSFlagCreate                             0x08015c71   Thumb Code    86  os_flag.o(.text)
    OS_FlagUnlink                            0x08015cc7   Thumb Code    36  os_flag.o(.text)
    OSFlagDel                                0x08015d3d   Thumb Code   214  os_flag.o(.text)
    OSFlagNameGet                            0x08015e13   Thumb Code    80  os_flag.o(.text)
    OSFlagNameSet                            0x08015e63   Thumb Code    66  os_flag.o(.text)
    OSFlagPend                               0x08015f3d   Thumb Code   614  os_flag.o(.text)
    OSFlagPendGetFlagsRdy                    0x080161a3   Thumb Code    26  os_flag.o(.text)
    OSFlagPost                               0x080161bd   Thumb Code   312  os_flag.o(.text)
    OSFlagQuery                              0x080162f5   Thumb Code    48  os_flag.o(.text)
    OS_FlagInit                              0x08016325   Thumb Code    78  os_flag.o(.text)
    OSMemCreate                              0x08016381   Thumb Code   118  os_mem.o(.text)
    OSMemGet                                 0x080163f7   Thumb Code    62  os_mem.o(.text)
    OSMemNameGet                             0x08016435   Thumb Code    60  os_mem.o(.text)
    OSMemNameSet                             0x08016471   Thumb Code    48  os_mem.o(.text)
    OSMemPut                                 0x080164a1   Thumb Code    54  os_mem.o(.text)
    OSMemQuery                               0x080164d7   Thumb Code    52  os_mem.o(.text)
    OS_MemInit                               0x0801650b   Thumb Code    74  os_mem.o(.text)
    OSQAccept                                0x08016565   Thumb Code    88  os_q.o(.text)
    OSQCreate                                0x080165bd   Thumb Code   144  os_q.o(.text)
    OSQDel                                   0x0801664d   Thumb Code   244  os_q.o(.text)
    OSQFlush                                 0x08016741   Thumb Code    36  os_q.o(.text)
    OSQPend                                  0x08016765   Thumb Code   272  os_q.o(.text)
    OSQPendAbort                             0x08016875   Thumb Code   128  os_q.o(.text)
    OSQPost                                  0x080168f5   Thumb Code   114  os_q.o(.text)
    OSQPostFront                             0x08016967   Thumb Code   140  os_q.o(.text)
    OSQPostOpt                               0x080169f3   Thumb Code   182  os_q.o(.text)
    OSQQuery                                 0x08016aa9   Thumb Code    98  os_q.o(.text)
    OS_QInit                                 0x08016b0b   Thumb Code    72  os_q.o(.text)
    OSSemAccept                              0x08016b5d   Thumb Code    42  os_sem.o(.text)
    OSSemCreate                              0x08016b87   Thumb Code    72  os_sem.o(.text)
    OSSemDel                                 0x08016bcf   Thumb Code   230  os_sem.o(.text)
    OSSemPend                                0x08016cb5   Thumb Code   222  os_sem.o(.text)
    OSSemPendAbort                           0x08016d93   Thumb Code   128  os_sem.o(.text)
    OSSemPost                                0x08016e13   Thumb Code    88  os_sem.o(.text)
    OSSemQuery                               0x08016e6b   Thumb Code    76  os_sem.o(.text)
    OSSemSet                                 0x08016eb7   Thumb Code    66  os_sem.o(.text)
    OSTaskChangePrio                         0x08016f39   Thumb Code   308  os_task.o(.text)
    OSTaskCreate                             0x0801706d   Thumb Code   148  os_task.o(.text)
    OS_TaskStkClr                            0x08017101   Thumb Code    26  os_task.o(.text)
    OSTaskCreateExt                          0x0801711b   Thumb Code   170  os_task.o(.text)
    OSTaskDel                                0x080171c5   Thumb Code   294  os_task.o(.text)
    OSTaskDelReq                             0x080172eb   Thumb Code   144  os_task.o(.text)
    OSTaskNameGet                            0x0801737b   Thumb Code   114  os_task.o(.text)
    OSTaskNameSet                            0x080173ed   Thumb Code    98  os_task.o(.text)
    OSTaskResume                             0x0801744f   Thumb Code   154  os_task.o(.text)
    OSTaskStkChk                             0x080174e9   Thumb Code   132  os_task.o(.text)
    OSTaskSuspend                            0x0801756d   Thumb Code   152  os_task.o(.text)
    OSTaskQuery                              0x08017605   Thumb Code    82  os_task.o(.text)
    OSTaskRegGet                             0x08017657   Thumb Code    60  os_task.o(.text)
    OSTaskRegSet                             0x08017693   Thumb Code    62  os_task.o(.text)
    OS_TaskReturn                            0x080176d1   Thumb Code    18  os_task.o(.text)
    OSTimeDly                                0x080176fd   Thumb Code   100  os_time.o(.text)
    OSTimeDlyHMSM                            0x08017761   Thumb Code    86  os_time.o(.text)
    OSTimeDlyResume                          0x080177b7   Thumb Code   168  os_time.o(.text)
    OSTimeGet                                0x0801785f   Thumb Code    24  os_time.o(.text)
    OSTimeSet                                0x08017877   Thumb Code    24  os_time.o(.text)
    OSTmrCreate                              0x080178df   Thumb Code    96  os_tmr.o(.text)
    OSTmrDel                                 0x080179b7   Thumb Code   124  os_tmr.o(.text)
    OSTmrNameGet                             0x08017a33   Thumb Code   114  os_tmr.o(.text)
    OSTmrRemainGet                           0x08017aa5   Thumb Code   164  os_tmr.o(.text)
    OSTmrStateGet                            0x08017b49   Thumb Code    86  os_tmr.o(.text)
    OSTmrStart                               0x08017c03   Thumb Code   128  os_tmr.o(.text)
    OSTmrStop                                0x08017c83   Thumb Code   210  os_tmr.o(.text)
    OSTmrSignal                              0x08017d55   Thumb Code    16  os_tmr.o(.text)
    OSTmr_Init                               0x08017e09   Thumb Code   172  os_tmr.o(.text)
    OSInitHookBegin                          0x08017f1d   Thumb Code     8  os_cpu_c.o(.text)
    OSInitHookEnd                            0x08017f25   Thumb Code     2  os_cpu_c.o(.text)
    OSTaskCreateHook                         0x08017f27   Thumb Code     2  os_cpu_c.o(.text)
    OSTaskDelHook                            0x08017f29   Thumb Code     2  os_cpu_c.o(.text)
    OSTaskIdleHook                           0x08017f2b   Thumb Code     2  os_cpu_c.o(.text)
    OSTaskStatHook                           0x08017f2d   Thumb Code     2  os_cpu_c.o(.text)
    OSTaskStkInit                            0x08017f2f   Thumb Code   426  os_cpu_c.o(.text)
    OSTaskSwHook                             0x080180d9   Thumb Code     2  os_cpu_c.o(.text)
    OSTCBInitHook                            0x080180db   Thumb Code     2  os_cpu_c.o(.text)
    OSTimeTickHook                           0x080180dd   Thumb Code    30  os_cpu_c.o(.text)
    OSTaskReturnHook                         0x080180fb   Thumb Code     2  os_cpu_c.o(.text)
    OS_CPU_SR_Save                           0x08018105   Thumb Code     0  os_cpu_a.o(.text)
    OS_CPU_SR_Restore                        0x0801810d   Thumb Code     0  os_cpu_a.o(.text)
    OSStartHighRdy                           0x08018113   Thumb Code     0  os_cpu_a.o(.text)
    OSCtxSw                                  0x08018137   Thumb Code     0  os_cpu_a.o(.text)
    OSIntCtxSw                               0x08018145   Thumb Code     0  os_cpu_a.o(.text)
    PendSV_Handler                           0x08018155   Thumb Code     0  os_cpu_a.o(.text)
    mymemcpy                                 0x080181cd   Thumb Code    26  malloc.o(.text)
    mymemset                                 0x080181e7   Thumb Code    20  malloc.o(.text)
    mymem_init                               0x080181fb   Thumb Code    54  malloc.o(.text)
    mem_perused                              0x08018231   Thumb Code    54  malloc.o(.text)
    mymem_malloc                             0x08018267   Thumb Code   162  malloc.o(.text)
    mymem_free                               0x08018309   Thumb Code    94  malloc.o(.text)
    myfree                                   0x08018367   Thumb Code    32  malloc.o(.text)
    mymalloc                                 0x08018387   Thumb Code    36  malloc.o(.text)
    myrealloc                                0x080183ab   Thumb Code    68  malloc.o(.text)
    getXorCheck                              0x08018401   Thumb Code    26  convertdata.o(.text)
    GetMedianNum                             0x0801841b   Thumb Code   140  convertdata.o(.text)
    hexbyte2int                              0x080184a7   Thumb Code    26  convertdata.o(.text)
    hexbyte2short                            0x080184c1   Thumb Code    18  convertdata.o(.text)
    short2hexbyte                            0x080184d3   Thumb Code    14  convertdata.o(.text)
    int2hexbyte                              0x080184e1   Thumb Code    22  convertdata.o(.text)
    setCruPosition                           0x080184f9   Thumb Code    44  driver.o(.text)
    getFrontPosition                         0x08018525   Thumb Code     6  driver.o(.text)
    getLeftPosition                          0x0801852b   Thumb Code     6  driver.o(.text)
    getRightPosition                         0x08018531   Thumb Code     6  driver.o(.text)
    setCruVelocity                           0x08018537   Thumb Code    28  driver.o(.text)
    getLeftVelocity                          0x08018553   Thumb Code     6  driver.o(.text)
    getRightVelocity                         0x08018559   Thumb Code     6  driver.o(.text)
    getVelocity                              0x0801855f   Thumb Code    26  driver.o(.text)
    FeedbackMessge                           0x08018579   Thumb Code   374  driver.o(.text)
    setSendFramData                          0x080186ef   Thumb Code    40  driver.o(.text)
    SetIoOn                                  0x08018717   Thumb Code    20  driver.o(.text)
    MotorPowerOnFram                         0x0801872b   Thumb Code    20  driver.o(.text)
    DisEnableFram                            0x0801873f   Thumb Code    20  driver.o(.text)
    EnableFram                               0x08018753   Thumb Code    22  driver.o(.text)
    getVoltageFram                           0x08018769   Thumb Code    20  driver.o(.text)
    getCurrentFram                           0x0801877d   Thumb Code    20  driver.o(.text)
    getErrorFram                             0x08018791   Thumb Code    20  driver.o(.text)
    getModeFram                              0x080187a5   Thumb Code    20  driver.o(.text)
    getStautsFram                            0x080187b9   Thumb Code    20  driver.o(.text)
    getVelocityFram                          0x080187cd   Thumb Code    20  driver.o(.text)
    getPositionFram                          0x080187e1   Thumb Code    20  driver.o(.text)
    getTemperatureFram                       0x080187f5   Thumb Code    22  driver.o(.text)
    getDevNameFram                           0x0801880b   Thumb Code    22  driver.o(.text)
    getDevNumFram                            0x08018821   Thumb Code    20  driver.o(.text)
    getDinStatuesFram                        0x08018835   Thumb Code    20  driver.o(.text)
    StopFram                                 0x08018849   Thumb Code    20  driver.o(.text)
    EmergencyStopFram                        0x0801885d   Thumb Code    20  driver.o(.text)
    ClearErrorFram                           0x08018871   Thumb Code    20  driver.o(.text)
    setModeFram                              0x08018885   Thumb Code    22  driver.o(.text)
    setVelocityFram                          0x0801889b   Thumb Code    28  driver.o(.text)
    setPositionFram                          0x080188b7   Thumb Code    22  driver.o(.text)
    setTVelocityFram                         0x080188cd   Thumb Code   540  driver.o(.text)
    setAbsolutePositionMode1                 0x08018ae9   Thumb Code    20  driver.o(.text)
    setAbsolutePositionMode2                 0x08018afd   Thumb Code    20  driver.o(.text)
    setRelativePositionMode1                 0x08018b11   Thumb Code    20  driver.o(.text)
    setRelativePositionMode2                 0x08018b25   Thumb Code    20  driver.o(.text)
    getCurAngle                              0x08018b3d   Thumb Code   260  kinematics.o(.text)
    getCurVelocity                           0x08018c41   Thumb Code    24  kinematics.o(.text)
    Angle2Position                           0x08018c59   Thumb Code   328  kinematics.o(.text)
    getExpPosition                           0x08018da1   Thumb Code   144  kinematics.o(.text)
    getExpLeftVelocity                       0x08018e31   Thumb Code   186  kinematics.o(.text)
    getExpRightVelocity                      0x08018eeb   Thumb Code   300  kinematics.o(.text)
    getCurAngleVel                           0x08019017   Thumb Code   108  kinematics.o(.text)
    EnDriverCmdQueue                         0x08019085   Thumb Code    54  message.o(.text)
    InitDriverCmdQueue                       0x080190bb   Thumb Code   144  message.o(.text)
    EnFeedBackMsgQueue                       0x0801914b   Thumb Code   168  message.o(.text)
    MotionFeedbackHandle                     0x080191f3   Thumb Code   190  message.o(.text)
    MotionCmdHandle                          0x080192b1   Thumb Code   326  message.o(.text)
    AngleMotionCmdHandle                     0x080193f7   Thumb Code   334  message.o(.text)
    MessageHandle                            0x08019545   Thumb Code   216  message.o(.text)
    queryCanFun                              0x0801961d   Thumb Code    80  message.o(.text)
    MotionFeedbackHandle3                    0x0801966d   Thumb Code   272  message.o(.text)
    InitDriver                               0x0801977d   Thumb Code   126  message.o(.text)
    InitQueueinter                           0x08019841   Thumb Code    12  queue.o(.text)
    EnQueueinter                             0x0801984d   Thumb Code    66  queue.o(.text)
    GetAndDelQueueinter                      0x0801988f   Thumb Code    66  queue.o(.text)
    GetQueueinter                            0x080198d1   Thumb Code    42  queue.o(.text)
    DelQueueinter                            0x080198fb   Thumb Code    44  queue.o(.text)
    Check_interqueue                         0x08019927   Thumb Code    16  queue.o(.text)
    __use_no_semihosting                     0x08019937   Thumb Code     2  use_no_semi_2.o(.text)
    __rt_ctype_table                         0x08019939   Thumb Code    16  rt_ctype_table.o(.text)
    __2printf                                0x08019949   Thumb Code    20  noretval__2printf.o(.text)
    __2sprintf                               0x08019961   Thumb Code    34  noretval__2sprintf.o(.text)
    _printf_pre_padding                      0x08019989   Thumb Code    44  _printf_pad.o(.text)
    _printf_post_padding                     0x080199b5   Thumb Code    34  _printf_pad.o(.text)
    _printf_str                              0x080199d7   Thumb Code    82  _printf_str.o(.text)
    _printf_int_dec                          0x08019a29   Thumb Code   104  _printf_dec.o(.text)
    _printf_int_hex                          0x08019aa1   Thumb Code    84  _printf_hex_int.o(.text)
    _printf_longlong_hex                     0x08019aa1   Thumb Code     0  _printf_hex_int.o(.text)
    __printf                                 0x08019af9   Thumb Code   388  __printf_flags_ss_wp.o(.text)
    memcmp                                   0x08019c81   Thumb Code    88  memcmp.o(.text)
    strlen                                   0x08019cd9   Thumb Code    62  strlen.o(.text)
    __aeabi_memcpy                           0x08019d17   Thumb Code     0  rt_memcpy_v6.o(.text)
    __rt_memcpy                              0x08019d17   Thumb Code   138  rt_memcpy_v6.o(.text)
    _memcpy_lastbytes                        0x08019d7d   Thumb Code     0  rt_memcpy_v6.o(.text)
    __aeabi_memcpy4                          0x08019da1   Thumb Code     0  rt_memcpy_w.o(.text)
    __aeabi_memcpy8                          0x08019da1   Thumb Code     0  rt_memcpy_w.o(.text)
    __rt_memcpy_w                            0x08019da1   Thumb Code   100  rt_memcpy_w.o(.text)
    _memcpy_lastbytes_aligned                0x08019de9   Thumb Code     0  rt_memcpy_w.o(.text)
    __aeabi_memset                           0x08019e05   Thumb Code    16  aeabi_memset.o(.text)
    __aeabi_memclr                           0x08019e15   Thumb Code     0  rt_memclr.o(.text)
    __rt_memclr                              0x08019e15   Thumb Code    68  rt_memclr.o(.text)
    _memset                                  0x08019e19   Thumb Code     0  rt_memclr.o(.text)
    __aeabi_memclr4                          0x08019e59   Thumb Code     0  rt_memclr_w.o(.text)
    __aeabi_memclr8                          0x08019e59   Thumb Code     0  rt_memclr_w.o(.text)
    __rt_memclr_w                            0x08019e59   Thumb Code    78  rt_memclr_w.o(.text)
    _memset_w                                0x08019e5d   Thumb Code     0  rt_memclr_w.o(.text)
    strcmp                                   0x08019ea9   Thumb Code   128  strcmpv7m.o(.text)
    __use_two_region_memory                  0x08019f29   Thumb Code     2  heapauxi.o(.text)
    __rt_heap_escrow$2region                 0x08019f2b   Thumb Code     2  heapauxi.o(.text)
    __rt_heap_expand$2region                 0x08019f2d   Thumb Code     2  heapauxi.o(.text)
    __I$use$semihosting                      0x08019f2f   Thumb Code     0  use_no_semi.o(.text)
    __use_no_semihosting_swi                 0x08019f2f   Thumb Code     2  use_no_semi.o(.text)
    __rt_locale                              0x08019f31   Thumb Code     8  rt_locale_intlibspace.o(.text)
    __read_errno                             0x08019f39   Thumb Code    10  _rserrno.o(.text)
    __set_errno                              0x08019f43   Thumb Code    12  _rserrno.o(.text)
    _printf_int_common                       0x08019f4f   Thumb Code   178  _printf_intcommon.o(.text)
    __lib_sel_fp_printf                      0x0801a001   Thumb Code     2  _printf_fp_dec.o(.text)
    _printf_fp_dec_real                      0x0801a1af   Thumb Code   620  _printf_fp_dec.o(.text)
    _printf_char_common                      0x0801a427   Thumb Code    32  _printf_char_common.o(.text)
    _sputc                                   0x0801a44d   Thumb Code    10  _sputc.o(.text)
    _printf_cs_common                        0x0801a457   Thumb Code    20  _printf_char.o(.text)
    _printf_char                             0x0801a46b   Thumb Code    16  _printf_char.o(.text)
    _printf_string                           0x0801a47b   Thumb Code     8  _printf_char.o(.text)
    _printf_char_file                        0x0801a485   Thumb Code    32  _printf_char_file.o(.text)
    __user_libspace                          0x0801a4a9   Thumb Code     8  libspace.o(.text)
    __user_perproc_libspace                  0x0801a4a9   Thumb Code     0  libspace.o(.text)
    __user_perthread_libspace                0x0801a4a9   Thumb Code     0  libspace.o(.text)
    __aeabi_errno_addr                       0x0801a4b1   Thumb Code     8  rt_errno_addr_intlibspace.o(.text)
    __errno$intlibspace                      0x0801a4b1   Thumb Code     0  rt_errno_addr_intlibspace.o(.text)
    __rt_errno_addr$intlibspace              0x0801a4b1   Thumb Code     0  rt_errno_addr_intlibspace.o(.text)
    _ll_udiv10                               0x0801a4b9   Thumb Code   138  lludiv10.o(.text)
    _printf_fp_infnan                        0x0801a545   Thumb Code   112  _printf_fp_infnan.o(.text)
    _btod_etento                             0x0801a5c5   Thumb Code   216  bigflt0.o(.text)
    ferror                                   0x0801a6a1   Thumb Code     8  ferror.o(.text)
    __user_setup_stackheap                   0x0801a6a9   Thumb Code    74  sys_stackheap_outer.o(.text)
    exit                                     0x0801a6f3   Thumb Code    12  exit.o(.text)
    _btod_d2e                                0x0801a6ff   Thumb Code    62  btod.o(CL$$btod_d2e)
    _d2e_denorm_low                          0x0801a73d   Thumb Code    70  btod.o(CL$$btod_d2e_denorm_low)
    _d2e_norm_op1                            0x0801a783   Thumb Code    96  btod.o(CL$$btod_d2e_norm_op1)
    __btod_div_common                        0x0801a7e3   Thumb Code   696  btod.o(CL$$btod_div_common)
    _e2e                                     0x0801ab1b   Thumb Code   198  btod.o(CL$$btod_e2e)
    _btod_ediv                               0x0801abe1   Thumb Code    40  btod.o(CL$$btod_ediv)
    _btod_emul                               0x0801ac09   Thumb Code    40  btod.o(CL$$btod_emul)
    __btod_mult_common                       0x0801ac31   Thumb Code   580  btod.o(CL$$btod_mult_common)
    __ARM_fpclassify                         0x0801ae75   Thumb Code    48  fpclassify.o(i.__ARM_fpclassify)
    __hardfp_acos                            0x0801aea9   Thumb Code   738  acos.o(i.__hardfp_acos)
    __hardfp_asin                            0x0801b201   Thumb Code   770  asin.o(i.__hardfp_asin)
    __hardfp_atan                            0x0801b561   Thumb Code   622  atan.o(i.__hardfp_atan)
    __hardfp_cos                             0x0801b839   Thumb Code   180  cos.o(i.__hardfp_cos)
    __hardfp_fabs                            0x0801b901   Thumb Code    20  fabs.o(i.__hardfp_fabs)
    __hardfp_sin                             0x0801b919   Thumb Code   180  sin.o(i.__hardfp_sin)
    __hardfp_sqrt                            0x0801b9e1   Thumb Code   122  sqrt.o(i.__hardfp_sqrt)
    __hardfp_tan                             0x0801ba61   Thumb Code   108  tan.o(i.__hardfp_tan)
    __ieee754_rem_pio2                       0x0801bae1   Thumb Code   938  rred.o(i.__ieee754_rem_pio2)
    __kernel_cos                             0x0801bf19   Thumb Code   322  cos_i.o(i.__kernel_cos)
    __kernel_poly                            0x0801c089   Thumb Code   248  poly.o(i.__kernel_poly)
    __kernel_sin                             0x0801c181   Thumb Code   280  sin_i.o(i.__kernel_sin)
    __kernel_tan                             0x0801c2b1   Thumb Code   764  tan_i.o(i.__kernel_tan)
    __mathlib_dbl_infnan                     0x0801c601   Thumb Code    20  dunder.o(i.__mathlib_dbl_infnan)
    __mathlib_dbl_invalid                    0x0801c619   Thumb Code    24  dunder.o(i.__mathlib_dbl_invalid)
    __mathlib_dbl_underflow                  0x0801c639   Thumb Code    24  dunder.o(i.__mathlib_dbl_underflow)
    _is_digit                                0x0801c659   Thumb Code    14  __printf_wp.o(i._is_digit)
    fabs                                     0x0801c667   Thumb Code    24  fabs.o(i.fabs)
    sqrt                                     0x0801c67f   Thumb Code   110  sqrt.o(i.sqrt)
    _get_lc_ctype                            0x0801c6ed   Thumb Code    44  lc_ctype_c.o(locale$$code)
    _get_lc_numeric                          0x0801c719   Thumb Code    44  lc_numeric_c.o(locale$$code)
    __aeabi_dneg                             0x0801c745   Thumb Code     0  basic.o(x$fpl$basic)
    _dneg                                    0x0801c745   Thumb Code     6  basic.o(x$fpl$basic)
    __aeabi_fneg                             0x0801c74b   Thumb Code     0  basic.o(x$fpl$basic)
    _fneg                                    0x0801c74b   Thumb Code     6  basic.o(x$fpl$basic)
    _dabs                                    0x0801c751   Thumb Code     6  basic.o(x$fpl$basic)
    _fabs                                    0x0801c757   Thumb Code     6  basic.o(x$fpl$basic)
    __aeabi_d2f                              0x0801c75d   Thumb Code     0  d2f.o(x$fpl$d2f)
    _d2f                                     0x0801c75d   Thumb Code    98  d2f.o(x$fpl$d2f)
    __aeabi_dadd                             0x0801c7c1   Thumb Code     0  daddsub_clz.o(x$fpl$dadd)
    _dadd                                    0x0801c7c1   Thumb Code   332  daddsub_clz.o(x$fpl$dadd)
    __fpl_dcmp_Inf                           0x0801c911   Thumb Code    24  dcmpi.o(x$fpl$dcmpinf)
    __aeabi_ddiv                             0x0801c929   Thumb Code     0  ddiv.o(x$fpl$ddiv)
    _ddiv                                    0x0801c929   Thumb Code   552  ddiv.o(x$fpl$ddiv)
    __aeabi_d2iz                             0x0801cbd9   Thumb Code     0  dfix.o(x$fpl$dfix)
    _dfix                                    0x0801cbd9   Thumb Code    94  dfix.o(x$fpl$dfix)
    __aeabi_i2d                              0x0801cc37   Thumb Code     0  dflt_clz.o(x$fpl$dflt)
    _dflt                                    0x0801cc37   Thumb Code    46  dflt_clz.o(x$fpl$dflt)
    __aeabi_ui2d                             0x0801cc65   Thumb Code     0  dflt_clz.o(x$fpl$dfltu)
    _dfltu                                   0x0801cc65   Thumb Code    38  dflt_clz.o(x$fpl$dfltu)
    __aeabi_cdcmple                          0x0801cc8d   Thumb Code     0  dleqf.o(x$fpl$dleqf)
    _dcmple                                  0x0801cc8d   Thumb Code   120  dleqf.o(x$fpl$dleqf)
    __fpl_dcmple_InfNaN                      0x0801ccef   Thumb Code     0  dleqf.o(x$fpl$dleqf)
    __aeabi_dmul                             0x0801cd05   Thumb Code     0  dmul.o(x$fpl$dmul)
    _dmul                                    0x0801cd05   Thumb Code   332  dmul.o(x$fpl$dmul)
    __fpl_dnaninf                            0x0801ce59   Thumb Code   156  dnaninf.o(x$fpl$dnaninf)
    __fpl_dretinf                            0x0801cef5   Thumb Code    12  dretinf.o(x$fpl$dretinf)
    __aeabi_cdrcmple                         0x0801cf01   Thumb Code     0  drleqf.o(x$fpl$drleqf)
    _drcmple                                 0x0801cf01   Thumb Code   108  drleqf.o(x$fpl$drleqf)
    __aeabi_drsub                            0x0801cf6d   Thumb Code     0  daddsub_clz.o(x$fpl$drsb)
    _drsb                                    0x0801cf6d   Thumb Code    22  daddsub_clz.o(x$fpl$drsb)
    _dsqrt                                   0x0801cf85   Thumb Code   404  dsqrt_umaal.o(x$fpl$dsqrt)
    __aeabi_dsub                             0x0801d11d   Thumb Code     0  daddsub_clz.o(x$fpl$dsub)
    _dsub                                    0x0801d11d   Thumb Code   464  daddsub_clz.o(x$fpl$dsub)
    __aeabi_f2d                              0x0801d2f1   Thumb Code     0  f2d.o(x$fpl$f2d)
    _f2d                                     0x0801d2f1   Thumb Code    86  f2d.o(x$fpl$f2d)
    __fpl_fnaninf                            0x0801d347   Thumb Code   140  fnaninf.o(x$fpl$fnaninf)
    _fp_init                                 0x0801d3d3   Thumb Code    10  fpinit.o(x$fpl$fpinit)
    __fplib_config_fpu_vfp                   0x0801d3db   Thumb Code     0  fpinit.o(x$fpl$fpinit)
    __fplib_config_pureend_doubles           0x0801d3db   Thumb Code     0  fpinit.o(x$fpl$fpinit)
    __fpl_fretinf                            0x0801d3dd   Thumb Code    10  fretinf.o(x$fpl$fretinf)
    _printf_fp_dec                           0x0801d3e7   Thumb Code     4  printf1.o(x$fpl$printf1)
    __I$use$fp                               0x0801d3ea   Number         0  usenofp.o(x$fpl$usenofp)
    FSMC_DefaultTimingStruct                 0x0801d3ec   Data          28  stm32f4xx_fsmc.o(.constdata)
    ethbroadcast                             0x0801d408   Data           6  etharp.o(.constdata)
    ethzero                                  0x0801d40e   Data           6  etharp.o(.constdata)
    ip_addr_any                              0x0801d414   Data           4  ip_addr.o(.constdata)
    ip_addr_broadcast                        0x0801d418   Data           4  ip_addr.o(.constdata)
    tcp_state_str                            0x0801d454   Data          44  tcp.o(.constdata)
    tcp_backoff                              0x0801d480   Data          13  tcp.o(.constdata)
    tcp_persist_backoff                      0x0801d48d   Data           7  tcp.o(.constdata)
    tcp_pcb_lists                            0x0801d494   Data          16  tcp.o(.constdata)
    pvNullPointer                            0x0801d4a4   Data           4  sys_arch.o(.constdata)
    OSUnMapTbl                               0x0801d4e8   Data         256  os_core.o(.constdata)
    memtblsize                               0x0801d5e8   Data          12  malloc.o(.constdata)
    memblksize                               0x0801d5f4   Data          12  malloc.o(.constdata)
    memsize                                  0x0801d600   Data          12  malloc.o(.constdata)
    Region$$Table$$Base                      0x0801dcc0   Number         0  anon$$obj.o(Region$$Table)
    Region$$Table$$Limit                     0x0801dce0   Number         0  anon$$obj.o(Region$$Table)
    __ctype                                  0x0801dced   Data           0  lc_ctype_c.o(locale$$data)
    mem3base                                 0x10000000   Data       61440  malloc.o(.ARM.__AT_0x10000000)
    mem3mapbase                              0x1000f000   Data        3840  malloc.o(.ARM.__AT_0x1000F000)
    SystemCoreClock                          0x20000000   Data           4  system_stm32f4xx.o(.data)
    AHBPrescTable                            0x20000004   Data          16  system_stm32f4xx.o(.data)
    timeStamp                                0x20000019   Data           4  timer.o(.data)
    gpsLen                                   0x2000001e   Data           2  timer.o(.data)
    DMARxDscrTab                             0x20000020   Data           4  lan8720.o(.data)
    DMATxDscrTab                             0x20000024   Data           4  lan8720.o(.data)
    Rx_Buff                                  0x20000028   Data           4  lan8720.o(.data)
    Tx_Buff                                  0x2000002c   Data           4  lan8720.o(.data)
    DMATxDescToSet                           0x20000040   Data           4  stm32f4x7_eth.o(.data)
    DMARxDescToGet                           0x20000044   Data           4  stm32f4x7_eth.o(.data)
    DMA_RX_FRAME_infos                       0x20000048   Data           4  stm32f4x7_eth.o(.data)
    Frame_Rx_index                           0x2000004c   Data           4  stm32f4x7_eth.o(.data)
    __stdout                                 0x20000054   Data           4  usart.o(.data)
    USART_RX_STA                             0x20000058   Data           2  usart.o(.data)
    USART3_RX_STA                            0x2000005a   Data           2  usart3.o(.data)
    blankCnt                                 0x2000005c   Data           1  usart3.o(.data)
    Xlable                                   0x2000005e   Data           2  usart3.o(.data)
    Ylable                                   0x20000060   Data           2  usart3.o(.data)
    keyValue                                 0x20000062   Data           2  usart3.o(.data)
    USART6_RX_STA                            0x20000064   Data           2  usart6.o(.data)
    USART2_RX_STA                            0x20000066   Data           2  usart2.o(.data)
    sys_cmd_tab                              0x20000068   Data          28  usmart.o(.data)
    usmart_nametab                           0x20000084   Data          48  usmart_config.o(.data)
    usmart_dev                               0x200000b4   Data         244  usmart_config.o(.data)
    TCPIP_THREAD_TASK_STK                    0x200001a8   Data           4  lwip_comm.o(.data)
    LWIP_DHCP_TASK_STK                       0x200001ac   Data           4  lwip_comm.o(.data)
    tcp_server_flag                          0x200001b0   Data           1  tcp_server_demo.o(.data)
    current_netif                            0x200001bc   Data           4  ip.o(.data)
    current_header                           0x200001c0   Data           4  ip.o(.data)
    current_iphdr_src                        0x200001c4   Data           4  ip.o(.data)
    current_iphdr_dest                       0x200001c8   Data           4  ip.o(.data)
    memp_memory                              0x20000210   Data           4  memp.o(.data)
    netif_list                               0x20000214   Data           4  netif.o(.data)
    netif_default                            0x20000218   Data           4  netif.o(.data)
    tcp_ticks                                0x20000228   Data           4  tcp.o(.data)
    tcp_bound_pcbs                           0x2000022c   Data           4  tcp.o(.data)
    tcp_listen_pcbs                          0x20000230   Data           4  tcp.o(.data)
    tcp_active_pcbs                          0x20000234   Data           4  tcp.o(.data)
    tcp_tw_pcbs                              0x20000238   Data           4  tcp.o(.data)
    tcp_tmp_pcb                              0x2000023c   Data           4  tcp.o(.data)
    tcp_active_pcbs_changed                  0x20000240   Data           1  tcp.o(.data)
    tcp_input_pcb                            0x20000264   Data           4  tcp_in.o(.data)
    udp_pcbs                                 0x20000274   Data           4  udp.o(.data)
    ram_heap                                 0x20000278   Data           4  mem.o(.data)
    OSCtxSwCtr                               0x200002a0   Data           4  os_core.o(.data)
    OSEventFreeList                          0x200002a4   Data           4  os_core.o(.data)
    OSFlagFreeList                           0x200002a8   Data           4  os_core.o(.data)
    OSCPUUsage                               0x200002ac   Data           1  os_core.o(.data)
    OSIdleCtrMax                             0x200002b0   Data           4  os_core.o(.data)
    OSIdleCtrRun                             0x200002b4   Data           4  os_core.o(.data)
    OSStatRdy                                0x200002b8   Data           1  os_core.o(.data)
    OSIntNesting                             0x200002b9   Data           1  os_core.o(.data)
    OSLockNesting                            0x200002ba   Data           1  os_core.o(.data)
    OSPrioCur                                0x200002bb   Data           1  os_core.o(.data)
    OSPrioHighRdy                            0x200002bc   Data           1  os_core.o(.data)
    OSRdyGrp                                 0x200002bd   Data           1  os_core.o(.data)
    OSRdyTbl                                 0x200002be   Data           8  os_core.o(.data)
    OSRunning                                0x200002c6   Data           1  os_core.o(.data)
    OSTaskCtr                                0x200002c7   Data           1  os_core.o(.data)
    OSIdleCtr                                0x200002c8   Data           4  os_core.o(.data)
    OSTCBCur                                 0x200002cc   Data           4  os_core.o(.data)
    OSTCBFreeList                            0x200002d0   Data           4  os_core.o(.data)
    OSTCBHighRdy                             0x200002d4   Data           4  os_core.o(.data)
    OSTCBList                                0x200002d8   Data           4  os_core.o(.data)
    OSTickStepState                          0x200002dc   Data           1  os_core.o(.data)
    OSMemFreeList                            0x200002e0   Data           4  os_core.o(.data)
    OSQFreeList                              0x200002e4   Data           4  os_core.o(.data)
    OSTime                                   0x200002e8   Data           4  os_core.o(.data)
    OSTmrFree                                0x200002ec   Data           2  os_core.o(.data)
    OSTmrUsed                                0x200002ee   Data           2  os_core.o(.data)
    OSTmrTime                                0x200002f0   Data           4  os_core.o(.data)
    OSTmrSem                                 0x200002f4   Data           4  os_core.o(.data)
    OSTmrSemSignal                           0x200002f8   Data           4  os_core.o(.data)
    OSTmrFreeList                            0x200002fc   Data           4  os_core.o(.data)
    OSInterrputSum                           0x20000300   Data           4  os_cpu_c.o(.data)
    mallco_dev                               0x20000308   Data          36  malloc.o(.data)
    CruFrontPosition                         0x2000032c   Data           4  driver.o(.data)
    CruLeftPosition                          0x20000330   Data           4  driver.o(.data)
    CruRightPosition                         0x20000334   Data           4  driver.o(.data)
    CruLeftVelocity                          0x20000338   Data           4  driver.o(.data)
    CruRightVelocity                         0x2000033c   Data           4  driver.o(.data)
    isAuto                                   0x20000340   Data           1  message.o(.data)
    FMQ                                      0x20000344   Data           4  message.o(.data)
    joyCmdQueuePt                            0x20000348   Data           4  message.o(.data)
    DCQ                                      0x2000034c   Data           4  message.o(.data)
    IMUYaw                                   0x20000350   Data           4  imu_yesense.o(.data)
    KEY_TASK_STK                             0x20000354   Data         512  main.o(.bss)
    LED_TASK_STK                             0x20000554   Data         256  main.o(.bss)
    IMU_TASK_STK                             0x20000654   Data         512  main.o(.bss)
    START_TASK_STK                           0x20000854   Data         512  main.o(.bss)
    gpsBuff                                  0x20000a54   Data         200  timer.o(.bss)
    CAN_TASK_STK                             0x20000b20   Data         512  can.o(.bss)
    imuData                                  0x20000d20   Data          20  mpu6050_at.o(.bss)
    MPU_TASK_STK                             0x20000d38   Data         512  mpu6050_at.o(.bss)
    RX_Frame_Descriptor                      0x20000f38   Data          12  stm32f4x7_eth.o(.bss)
    USART_RX_BUF                             0x20000f44   Data         200  usart.o(.bss)
    USART3_RX_BUF                            0x2000100c   Data         200  usart3.o(.bss)
    USART6_TX_BUF                            0x200010d8   Data         400  usart6.o(.bss)
    USART6_RX_BUF                            0x20001268   Data         400  usart6.o(.bss)
    USART2_TX_BUF                            0x200013f8   Data         200  usart2.o(.bss)
    USART2_RX_BUF                            0x200014c0   Data         200  usart2.o(.bss)
    lwipdev                                  0x20001588   Data          23  lwip_comm.o(.bss)
    lwip_netif                               0x200015a0   Data          48  lwip_comm.o(.bss)
    tcp_server_recvbuf                       0x200015d0   Data         200  tcp_server_demo.o(.bss)
    tcp_server_sendbuf                       0x20001698   Data         125  tcp_server_demo.o(.bss)
    TCPSERVER_TASK_STK                       0x20001718   Data        1200  tcp_server_demo.o(.bss)
    OSEventTbl                               0x20001d4c   Data         240  os_core.o(.bss)
    OSFlagTbl                                0x20001e3c   Data          80  os_core.o(.bss)
    OSTaskStatStk                            0x20001e8c   Data         512  os_core.o(.bss)
    OSTaskIdleStk                            0x2000208c   Data         512  os_core.o(.bss)
    OSTCBPrioTbl                             0x2000228c   Data         256  os_core.o(.bss)
    OSTCBTbl                                 0x2000238c   Data        1848  os_core.o(.bss)
    OSMemTbl                                 0x20002ac4   Data         120  os_core.o(.bss)
    OSQTbl                                   0x20002b3c   Data         120  os_core.o(.bss)
    OSTmrTbl                                 0x20002bb4   Data         640  os_core.o(.bss)
    OSTmrTaskStk                             0x20002e34   Data         512  os_core.o(.bss)
    OSTmrWheelTbl                            0x20003034   Data          64  os_core.o(.bss)
    mem1base                                 0x20003074   Data       102400  malloc.o(.bss)
    mem1mapbase                              0x2001c074   Data        6400  malloc.o(.bss)
    FeedbackMsgQueue                         0x2001d974   Data          20  message.o(.bss)
    FeedbackMsgArrry                         0x2001d988   Data        5280  message.o(.bss)
    joyCmdQueue                              0x2001ee28   Data          20  message.o(.bss)
    DriverCmdQueue                           0x2001ee3c   Data          20  message.o(.bss)
    DriverCmdArray                           0x2001ee50   Data         640  message.o(.bss)
    MsgGrp                                   0x2001f0d0   Data        1024  message.o(.bss)
    __libspace_start                         0x2001f4d0   Data          96  libspace.o(.bss)
    __temporary_stack_top$libspace           0x2001f530   Data           0  libspace.o(.bss)
    mem2base                                 0x68000000   Data       204800  malloc.o(.ARM.__AT_0x68000000)
    mem2mapbase                              0x68032000   Data       12800  malloc.o(.ARM.__AT_0x68032000)



==============================================================================

Memory Map of the image

  Image Entry point : 0x08000189

  Load Region LR_IROM1 (Base: 0x08000000, Size: 0x0001e160, Max: 0x00100000, ABSOLUTE, COMPRESSED[0x0001ded0])

    Execution Region ER_IROM1 (Base: 0x08000000, Size: 0x0001de0c, Max: 0x00100000, ABSOLUTE)

    Base Addr    Size         Type   Attr      Idx    E Section Name        Object

    0x08000000   0x00000188   Data   RO          605    RESET               startup_stm32f40_41xxx.o
    0x08000188   0x00000008   Code   RO         2691  * !!!main             c_w.l(__main.o)
    0x08000190   0x00000034   Code   RO         3096    !!!scatter          c_w.l(__scatter.o)
    0x080001c4   0x0000005a   Code   RO         3094    !!dczerorl2         c_w.l(__dczerorl2.o)
    0x0800021e   0x00000002   PAD
    0x08000220   0x0000001c   Code   RO         3098    !!handler_zi        c_w.l(__scatter_zi.o)
    0x0800023c   0x00000000   Code   RO         2672    .ARM.Collect$$_printf_percent$$00000000  c_w.l(_printf_percent.o)
    0x0800023c   0x00000006   Code   RO         2671    .ARM.Collect$$_printf_percent$$00000003  c_w.l(_printf_f.o)
    0x08000242   0x00000006   Code   RO         2669    .ARM.Collect$$_printf_percent$$00000009  c_w.l(_printf_d.o)
    0x08000248   0x00000006   Code   RO         2670    .ARM.Collect$$_printf_percent$$0000000A  c_w.l(_printf_u.o)
    0x0800024e   0x00000006   Code   RO         2668    .ARM.Collect$$_printf_percent$$0000000C  c_w.l(_printf_x.o)
    0x08000254   0x00000006   Code   RO         2666    .ARM.Collect$$_printf_percent$$00000013  c_w.l(_printf_c.o)
    0x0800025a   0x00000006   Code   RO         2667    .ARM.Collect$$_printf_percent$$00000014  c_w.l(_printf_s.o)
    0x08000260   0x00000004   Code   RO         2843    .ARM.Collect$$_printf_percent$$00000017  c_w.l(_printf_percent_end.o)
    0x08000264   0x00000002   Code   RO         3019    .ARM.Collect$$libinit$$00000000  c_w.l(libinit.o)
    0x08000266   0x00000004   Code   RO         2961    .ARM.Collect$$libinit$$00000001  c_w.l(libinit2.o)
    0x0800026a   0x00000000   Code   RO         2964    .ARM.Collect$$libinit$$00000004  c_w.l(libinit2.o)
    0x0800026a   0x00000000   Code   RO         2967    .ARM.Collect$$libinit$$0000000A  c_w.l(libinit2.o)
    0x0800026a   0x00000000   Code   RO         2969    .ARM.Collect$$libinit$$0000000C  c_w.l(libinit2.o)
    0x0800026a   0x00000000   Code   RO         2971    .ARM.Collect$$libinit$$0000000E  c_w.l(libinit2.o)
    0x0800026a   0x00000006   Code   RO         2972    .ARM.Collect$$libinit$$0000000F  c_w.l(libinit2.o)
    0x08000270   0x00000000   Code   RO         2974    .ARM.Collect$$libinit$$00000011  c_w.l(libinit2.o)
    0x08000270   0x0000000c   Code   RO         2975    .ARM.Collect$$libinit$$00000012  c_w.l(libinit2.o)
    0x0800027c   0x00000000   Code   RO         2976    .ARM.Collect$$libinit$$00000013  c_w.l(libinit2.o)
    0x0800027c   0x00000000   Code   RO         2978    .ARM.Collect$$libinit$$00000015  c_w.l(libinit2.o)
    0x0800027c   0x0000000a   Code   RO         2979    .ARM.Collect$$libinit$$00000016  c_w.l(libinit2.o)
    0x08000286   0x00000000   Code   RO         2980    .ARM.Collect$$libinit$$00000017  c_w.l(libinit2.o)
    0x08000286   0x00000000   Code   RO         2982    .ARM.Collect$$libinit$$00000019  c_w.l(libinit2.o)
    0x08000286   0x00000000   Code   RO         2984    .ARM.Collect$$libinit$$0000001B  c_w.l(libinit2.o)
    0x08000286   0x00000000   Code   RO         2986    .ARM.Collect$$libinit$$0000001D  c_w.l(libinit2.o)
    0x08000286   0x00000000   Code   RO         2988    .ARM.Collect$$libinit$$0000001F  c_w.l(libinit2.o)
    0x08000286   0x00000000   Code   RO         2990    .ARM.Collect$$libinit$$00000021  c_w.l(libinit2.o)
    0x08000286   0x00000000   Code   RO         2992    .ARM.Collect$$libinit$$00000023  c_w.l(libinit2.o)
    0x08000286   0x00000000   Code   RO         2994    .ARM.Collect$$libinit$$00000025  c_w.l(libinit2.o)
    0x08000286   0x00000000   Code   RO         2998    .ARM.Collect$$libinit$$0000002C  c_w.l(libinit2.o)
    0x08000286   0x00000000   Code   RO         3000    .ARM.Collect$$libinit$$0000002E  c_w.l(libinit2.o)
    0x08000286   0x00000000   Code   RO         3002    .ARM.Collect$$libinit$$00000030  c_w.l(libinit2.o)
    0x08000286   0x00000000   Code   RO         3004    .ARM.Collect$$libinit$$00000032  c_w.l(libinit2.o)
    0x08000286   0x00000002   Code   RO         3005    .ARM.Collect$$libinit$$00000033  c_w.l(libinit2.o)
    0x08000288   0x00000002   Code   RO         3052    .ARM.Collect$$libshutdown$$00000000  c_w.l(libshutdown.o)
    0x0800028a   0x00000000   Code   RO         3059    .ARM.Collect$$libshutdown$$00000003  c_w.l(libshutdown2.o)
    0x0800028a   0x00000000   Code   RO         3062    .ARM.Collect$$libshutdown$$00000006  c_w.l(libshutdown2.o)
    0x0800028a   0x00000000   Code   RO         3065    .ARM.Collect$$libshutdown$$00000009  c_w.l(libshutdown2.o)
    0x0800028a   0x00000000   Code   RO         3067    .ARM.Collect$$libshutdown$$0000000B  c_w.l(libshutdown2.o)
    0x0800028a   0x00000000   Code   RO         3070    .ARM.Collect$$libshutdown$$0000000E  c_w.l(libshutdown2.o)
    0x0800028a   0x00000002   Code   RO         3071    .ARM.Collect$$libshutdown$$0000000F  c_w.l(libshutdown2.o)
    0x0800028c   0x00000000   Code   RO         2823    .ARM.Collect$$rtentry$$00000000  c_w.l(__rtentry.o)
    0x0800028c   0x00000000   Code   RO         2904    .ARM.Collect$$rtentry$$00000002  c_w.l(__rtentry2.o)
    0x0800028c   0x00000006   Code   RO         2916    .ARM.Collect$$rtentry$$00000004  c_w.l(__rtentry4.o)
    0x08000292   0x00000000   Code   RO         2906    .ARM.Collect$$rtentry$$00000009  c_w.l(__rtentry2.o)
    0x08000292   0x00000004   Code   RO         2907    .ARM.Collect$$rtentry$$0000000A  c_w.l(__rtentry2.o)
    0x08000296   0x00000000   Code   RO         2909    .ARM.Collect$$rtentry$$0000000C  c_w.l(__rtentry2.o)
    0x08000296   0x00000008   Code   RO         2910    .ARM.Collect$$rtentry$$0000000D  c_w.l(__rtentry2.o)
    0x0800029e   0x00000002   Code   RO         3022    .ARM.Collect$$rtexit$$00000000  c_w.l(rtexit.o)
    0x080002a0   0x00000000   Code   RO         3031    .ARM.Collect$$rtexit$$00000002  c_w.l(rtexit2.o)
    0x080002a0   0x00000004   Code   RO         3032    .ARM.Collect$$rtexit$$00000003  c_w.l(rtexit2.o)
    0x080002a4   0x00000006   Code   RO         3033    .ARM.Collect$$rtexit$$00000004  c_w.l(rtexit2.o)
    0x080002aa   0x00000002   PAD
    0x080002ac   0x0000020c   Code   RO            3    .text               main.o
    0x080004b8   0x00000014   Code   RO          272    .text               stm32f4xx_it.o
    0x080004cc   0x00000210   Code   RO          321    .text               system_stm32f4xx.o
    0x080006dc   0x00000084   Code   RO          368    .text               led.o
    0x08000760   0x000003b0   Code   RO          388    .text               timer.o
    0x08000b10   0x00000390   Code   RO          414    .text               lan8720.o
    0x08000ea0   0x000002a4   Code   RO          445    .text               sram.o
    0x08001144   0x000002d0   Code   RO          465    .text               can.o
    0x08001414   0x00000576   Code   RO          562    .text               mpu6050_at.o
    0x0800198a   0x00000002   PAD
    0x0800198c   0x0000025c   Code   RO          585    .text               myiic.o
    0x08001be8   0x00000040   Code   RO          606    .text               startup_stm32f40_41xxx.o
    0x08001c28   0x000000e0   Code   RO          612    .text               misc.o
    0x08001d08   0x00000294   Code   RO          632    .text               stm32f4xx_gpio.o
    0x08001f9c   0x0000065c   Code   RO          652    .text               stm32f4xx_rcc.o
    0x080025f8   0x00000094   Code   RO          674    .text               stm32f4xx_syscfg.o
    0x0800268c   0x00000ca2   Code   RO          694    .text               stm32f4xx_tim.o
    0x0800332e   0x00000002   PAD
    0x08003330   0x00000454   Code   RO          714    .text               stm32f4xx_usart.o
    0x08003784   0x00000e40   Code   RO          734    .text               stm32f4x7_eth.o
    0x080045c4   0x000005c8   Code   RO          781    .text               stm32f4xx_fsmc.o
    0x08004b8c   0x000009f0   Code   RO          804    .text               stm32f4xx_can.o
    0x0800557c   0x00000128   Code   RO          844    .text               delay.o
    0x080056a4   0x0000019c   Code   RO          884    .text               usart.o
    0x08005840   0x00000174   Code   RO          915    .text               usart3.o
    0x080059b4   0x00000298   Code   RO          944    .text               usart6.o
    0x08005c4c   0x000001d8   Code   RO          971    .text               usart2.o
    0x08005e24   0x00000c3c   Code   RO          998    .text               usmart.o
    0x08006a60   0x00000528   Code   RO         1043    .text               usmart_str.o
    0x08006f88   0x00000304   Code   RO         1063    .text               lwip_comm.o
    0x0800728c   0x000002d8   Code   RO         1184    .text               tcp_server_demo.o
    0x08007564   0x00000e7c   Code   RO         1257    .text               etharp.o
    0x080083e0   0x00000228   Code   RO         1301    .text               ethernetif.o
    0x08008608   0x00000424   Code   RO         1353    .text               icmp.o
    0x08008a2c   0x000002b4   Code   RO         1407    .text               inet_chksum.o
    0x08008ce0   0x00000400   Code   RO         1427    .text               ip.o
    0x080090e0   0x0000032c   Code   RO         1469    .text               ip_addr.o
    0x0800940c   0x00000a28   Code   RO         1503    .text               ip_frag.o
    0x08009e34   0x0000003e   Code   RO         1525    .text               def.o
    0x08009e72   0x00000024   Code   RO         1573    .text               init.o
    0x08009e96   0x00000002   PAD
    0x08009e98   0x000001d4   Code   RO         1611    .text               memp.o
    0x0800a06c   0x00000334   Code   RO         1652    .text               netif.o
    0x0800a3a0   0x000010a0   Code   RO         1682    .text               pbuf.o
    0x0800b440   0x0000024c   Code   RO         1702    .text               raw.o
    0x0800b68c   0x0000148c   Code   RO         1738    .text               tcp.o
    0x0800cb18   0x00001878   Code   RO         1770    .text               tcp_in.o
    0x0800e390   0x00001346   Code   RO         1801    .text               tcp_out.o
    0x0800f6d6   0x00000002   PAD
    0x0800f6d8   0x000002dc   Code   RO         1822    .text               timers.o
    0x0800f9b4   0x000005b4   Code   RO         1844    .text               udp.o
    0x0800ff68   0x00000744   Code   RO         1870    .text               mem.o
    0x080106ac   0x000003dc   Code   RO         1893    .text               sys_arch.o
    0x08010a88   0x00000bfc   Code   RO         1926    .text               api_lib.o
    0x08011684   0x000017c0   Code   RO         1965    .text               api_msg.o
    0x08012e44   0x000003b0   Code   RO         2008    .text               netbuf.o
    0x080131f4   0x00001c58   Code   RO         2059    .text               sockets.o
    0x08014e4c   0x000003b8   Code   RO         2083    .text               tcpip.o
    0x08015204   0x00000970   Code   RO         2114    .text               os_core.o
    0x08015b74   0x0000080c   Code   RO         2142    .text               os_flag.o
    0x08016380   0x000001e4   Code   RO         2182    .text               os_mem.o
    0x08016564   0x000005f8   Code   RO         2222    .text               os_q.o
    0x08016b5c   0x000003dc   Code   RO         2242    .text               os_sem.o
    0x08016f38   0x000007c4   Code   RO         2262    .text               os_task.o
    0x080176fc   0x000001b0   Code   RO         2282    .text               os_time.o
    0x080178ac   0x00000670   Code   RO         2302    .text               os_tmr.o
    0x08017f1c   0x000001e8   Code   RO         2322    .text               os_cpu_c.o
    0x08018104   0x000000c8   Code   RO         2350    .text               os_cpu_a.o
    0x080181cc   0x00000234   Code   RO         2355    .text               malloc.o
    0x08018400   0x000000f6   Code   RO         2387    .text               convertdata.o
    0x080184f6   0x00000002   PAD
    0x080184f8   0x00000644   Code   RO         2410    .text               driver.o
    0x08018b3c   0x00000546   Code   RO         2434    .text               kinematics.o
    0x08019082   0x00000002   PAD
    0x08019084   0x000007bc   Code   RO         2460    .text               message.o
    0x08019840   0x000000f6   Code   RO         2486    .text               queue.o
    0x08019936   0x00000002   Code   RO         2605    .text               c_w.l(use_no_semi_2.o)
    0x08019938   0x00000010   Code   RO         2607    .text               c_w.l(rt_ctype_table.o)
    0x08019948   0x00000018   Code   RO         2613    .text               c_w.l(noretval__2printf.o)
    0x08019960   0x00000028   Code   RO         2615    .text               c_w.l(noretval__2sprintf.o)
    0x08019988   0x0000004e   Code   RO         2619    .text               c_w.l(_printf_pad.o)
    0x080199d6   0x00000052   Code   RO         2621    .text               c_w.l(_printf_str.o)
    0x08019a28   0x00000078   Code   RO         2623    .text               c_w.l(_printf_dec.o)
    0x08019aa0   0x00000058   Code   RO         2628    .text               c_w.l(_printf_hex_int.o)
    0x08019af8   0x00000188   Code   RO         2663    .text               c_w.l(__printf_flags_ss_wp.o)
    0x08019c80   0x00000058   Code   RO         2673    .text               c_w.l(memcmp.o)
    0x08019cd8   0x0000003e   Code   RO         2675    .text               c_w.l(strlen.o)
    0x08019d16   0x0000008a   Code   RO         2677    .text               c_w.l(rt_memcpy_v6.o)
    0x08019da0   0x00000064   Code   RO         2679    .text               c_w.l(rt_memcpy_w.o)
    0x08019e04   0x00000010   Code   RO         2681    .text               c_w.l(aeabi_memset.o)
    0x08019e14   0x00000044   Code   RO         2683    .text               c_w.l(rt_memclr.o)
    0x08019e58   0x0000004e   Code   RO         2685    .text               c_w.l(rt_memclr_w.o)
    0x08019ea6   0x00000002   PAD
    0x08019ea8   0x00000080   Code   RO         2687    .text               c_w.l(strcmpv7m.o)
    0x08019f28   0x00000006   Code   RO         2689    .text               c_w.l(heapauxi.o)
    0x08019f2e   0x00000002   Code   RO         2821    .text               c_w.l(use_no_semi.o)
    0x08019f30   0x00000008   Code   RO         2827    .text               c_w.l(rt_locale_intlibspace.o)
    0x08019f38   0x00000016   Code   RO         2829    .text               c_w.l(_rserrno.o)
    0x08019f4e   0x000000b2   Code   RO         2831    .text               c_w.l(_printf_intcommon.o)
    0x0801a000   0x0000041a   Code   RO         2833    .text               c_w.l(_printf_fp_dec.o)
    0x0801a41a   0x00000002   PAD
    0x0801a41c   0x00000030   Code   RO         2835    .text               c_w.l(_printf_char_common.o)
    0x0801a44c   0x0000000a   Code   RO         2837    .text               c_w.l(_sputc.o)
    0x0801a456   0x0000002c   Code   RO         2839    .text               c_w.l(_printf_char.o)
    0x0801a482   0x00000002   PAD
    0x0801a484   0x00000024   Code   RO         2841    .text               c_w.l(_printf_char_file.o)
    0x0801a4a8   0x00000008   Code   RO         2900    .text               c_w.l(libspace.o)
    0x0801a4b0   0x00000008   Code   RO         2921    .text               c_w.l(rt_errno_addr_intlibspace.o)
    0x0801a4b8   0x0000008a   Code   RO         2923    .text               c_w.l(lludiv10.o)
    0x0801a542   0x00000002   PAD
    0x0801a544   0x00000080   Code   RO         2925    .text               c_w.l(_printf_fp_infnan.o)
    0x0801a5c4   0x000000dc   Code   RO         2929    .text               c_w.l(bigflt0.o)
    0x0801a6a0   0x00000008   Code   RO         2954    .text               c_w.l(ferror.o)
    0x0801a6a8   0x0000004a   Code   RO         3008    .text               c_w.l(sys_stackheap_outer.o)
    0x0801a6f2   0x0000000c   Code   RO         3010    .text               c_w.l(exit.o)
    0x0801a6fe   0x0000003e   Code   RO         2932    CL$$btod_d2e        c_w.l(btod.o)
    0x0801a73c   0x00000046   Code   RO         2934    CL$$btod_d2e_denorm_low  c_w.l(btod.o)
    0x0801a782   0x00000060   Code   RO         2933    CL$$btod_d2e_norm_op1  c_w.l(btod.o)
    0x0801a7e2   0x00000338   Code   RO         2942    CL$$btod_div_common  c_w.l(btod.o)
    0x0801ab1a   0x000000c6   Code   RO         2939    CL$$btod_e2e        c_w.l(btod.o)
    0x0801abe0   0x00000028   Code   RO         2936    CL$$btod_ediv       c_w.l(btod.o)
    0x0801ac08   0x00000028   Code   RO         2935    CL$$btod_emul       c_w.l(btod.o)
    0x0801ac30   0x00000244   Code   RO         2941    CL$$btod_mult_common  c_w.l(btod.o)
    0x0801ae74   0x00000030   Code   RO         2879    i.__ARM_fpclassify  m_wm.l(fpclassify.o)
    0x0801aea4   0x00000004   PAD
    0x0801aea8   0x00000358   Code   RO         2725    i.__hardfp_acos     m_wm.l(acos.o)
    0x0801b200   0x00000360   Code   RO         2739    i.__hardfp_asin     m_wm.l(asin.o)
    0x0801b560   0x000002d8   Code   RO         2753    i.__hardfp_atan     m_wm.l(atan.o)
    0x0801b838   0x000000c8   Code   RO         2767    i.__hardfp_cos      m_wm.l(cos.o)
    0x0801b900   0x00000014   Code   RO         2779    i.__hardfp_fabs     m_wm.l(fabs.o)
    0x0801b914   0x00000004   PAD
    0x0801b918   0x000000c8   Code   RO         2785    i.__hardfp_sin      m_wm.l(sin.o)
    0x0801b9e0   0x0000007a   Code   RO         2797    i.__hardfp_sqrt     m_wm.l(sqrt.o)
    0x0801ba5a   0x00000006   PAD
    0x0801ba60   0x00000080   Code   RO         2809    i.__hardfp_tan      m_wm.l(tan.o)
    0x0801bae0   0x00000438   Code   RO         2883    i.__ieee754_rem_pio2  m_wm.l(rred.o)
    0x0801bf18   0x00000170   Code   RO         2862    i.__kernel_cos      m_wm.l(cos_i.o)
    0x0801c088   0x000000f8   Code   RO         2881    i.__kernel_poly     m_wm.l(poly.o)
    0x0801c180   0x00000130   Code   RO         2888    i.__kernel_sin      m_wm.l(sin_i.o)
    0x0801c2b0   0x00000350   Code   RO         2894    i.__kernel_tan      m_wm.l(tan_i.o)
    0x0801c600   0x00000014   Code   RO         2866    i.__mathlib_dbl_infnan  m_wm.l(dunder.o)
    0x0801c614   0x00000004   PAD
    0x0801c618   0x00000020   Code   RO         2868    i.__mathlib_dbl_invalid  m_wm.l(dunder.o)
    0x0801c638   0x00000020   Code   RO         2871    i.__mathlib_dbl_underflow  m_wm.l(dunder.o)
    0x0801c658   0x0000000e   Code   RO         2656    i._is_digit         c_w.l(__printf_wp.o)
    0x0801c666   0x00000018   Code   RO         2781    i.fabs              m_wm.l(fabs.o)
    0x0801c67e   0x0000006e   Code   RO         2799    i.sqrt              m_wm.l(sqrt.o)
    0x0801c6ec   0x0000002c   Code   RO         2845    locale$$code        c_w.l(lc_ctype_c.o)
    0x0801c718   0x0000002c   Code   RO         2959    locale$$code        c_w.l(lc_numeric_c.o)
    0x0801c744   0x00000018   Code   RO         2847    x$fpl$basic         fz_wm.l(basic.o)
    0x0801c75c   0x00000062   Code   RO         2693    x$fpl$d2f           fz_wm.l(d2f.o)
    0x0801c7be   0x00000002   PAD
    0x0801c7c0   0x00000150   Code   RO         2695    x$fpl$dadd          fz_wm.l(daddsub_clz.o)
    0x0801c910   0x00000018   Code   RO         2849    x$fpl$dcmpinf       fz_wm.l(dcmpi.o)
    0x0801c928   0x000002b0   Code   RO         2702    x$fpl$ddiv          fz_wm.l(ddiv.o)
    0x0801cbd8   0x0000005e   Code   RO         2705    x$fpl$dfix          fz_wm.l(dfix.o)
    0x0801cc36   0x0000002e   Code   RO         2710    x$fpl$dflt          fz_wm.l(dflt_clz.o)
    0x0801cc64   0x00000026   Code   RO         2709    x$fpl$dfltu         fz_wm.l(dflt_clz.o)
    0x0801cc8a   0x00000002   PAD
    0x0801cc8c   0x00000078   Code   RO         2715    x$fpl$dleqf         fz_wm.l(dleqf.o)
    0x0801cd04   0x00000154   Code   RO         2717    x$fpl$dmul          fz_wm.l(dmul.o)
    0x0801ce58   0x0000009c   Code   RO         2851    x$fpl$dnaninf       fz_wm.l(dnaninf.o)
    0x0801cef4   0x0000000c   Code   RO         2853    x$fpl$dretinf       fz_wm.l(dretinf.o)
    0x0801cf00   0x0000006c   Code   RO         2719    x$fpl$drleqf        fz_wm.l(drleqf.o)
    0x0801cf6c   0x00000016   Code   RO         2696    x$fpl$drsb          fz_wm.l(daddsub_clz.o)
    0x0801cf82   0x00000002   PAD
    0x0801cf84   0x00000198   Code   RO         2855    x$fpl$dsqrt         fz_wm.l(dsqrt_umaal.o)
    0x0801d11c   0x000001d4   Code   RO         2697    x$fpl$dsub          fz_wm.l(daddsub_clz.o)
    0x0801d2f0   0x00000056   Code   RO         2721    x$fpl$f2d           fz_wm.l(f2d.o)
    0x0801d346   0x0000008c   Code   RO         2857    x$fpl$fnaninf       fz_wm.l(fnaninf.o)
    0x0801d3d2   0x0000000a   Code   RO         3020    x$fpl$fpinit        fz_wm.l(fpinit.o)
    0x0801d3dc   0x0000000a   Code   RO         2859    x$fpl$fretinf       fz_wm.l(fretinf.o)
    0x0801d3e6   0x00000004   Code   RO         2723    x$fpl$printf1       fz_wm.l(printf1.o)
    0x0801d3ea   0x00000000   Code   RO         2861    x$fpl$usenofp       fz_wm.l(usenofp.o)
    0x0801d3ea   0x00000002   PAD
    0x0801d3ec   0x0000001c   Data   RO          782    .constdata          stm32f4xx_fsmc.o
    0x0801d408   0x0000000c   Data   RO         1259    .constdata          etharp.o
    0x0801d414   0x00000008   Data   RO         1471    .constdata          ip_addr.o
    0x0801d41c   0x00000038   Data   RO         1613    .constdata          memp.o
    0x0801d454   0x00000050   Data   RO         1739    .constdata          tcp.o
    0x0801d4a4   0x00000004   Data   RO         1894    .constdata          sys_arch.o
    0x0801d4a8   0x00000040   Data   RO         2061    .constdata          sockets.o
    0x0801d4e8   0x00000100   Data   RO         2116    .constdata          os_core.o
    0x0801d5e8   0x00000024   Data   RO         2361    .constdata          malloc.o
    0x0801d60c   0x00000028   Data   RO         2629    .constdata          c_w.l(_printf_hex_int.o)
    0x0801d634   0x00000011   Data   RO         2664    .constdata          c_w.l(__printf_flags_ss_wp.o)
    0x0801d645   0x00000003   PAD
    0x0801d648   0x00000050   Data   RO         2728    .constdata          m_wm.l(acos.o)
    0x0801d698   0x00000050   Data   RO         2742    .constdata          m_wm.l(asin.o)
    0x0801d6e8   0x00000098   Data   RO         2756    .constdata          m_wm.l(atan.o)
    0x0801d780   0x00000030   Data   RO         2863    .constdata          m_wm.l(cos_i.o)
    0x0801d7b0   0x000000c8   Data   RO         2885    .constdata          m_wm.l(rred.o)
    0x0801d878   0x00000028   Data   RO         2889    .constdata          m_wm.l(sin_i.o)
    0x0801d8a0   0x00000060   Data   RO         2895    .constdata          m_wm.l(tan_i.o)
    0x0801d900   0x00000094   Data   RO         2930    .constdata          c_w.l(bigflt0.o)
    0x0801d994   0x0000004f   Data   RO          390    .conststring        timer.o
    0x0801d9e3   0x00000001   PAD
    0x0801d9e4   0x00000028   Data   RO          999    .conststring        usmart.o
    0x0801da0c   0x00000107   Data   RO         1022    .conststring        usmart_config.o
    0x0801db13   0x00000001   PAD
    0x0801db14   0x00000044   Data   RO         1260    .conststring        etharp.o
    0x0801db58   0x000000a0   Data   RO         1614    .conststring        memp.o
    0x0801dbf8   0x0000006d   Data   RO         1740    .conststring        tcp.o
    0x0801dc65   0x00000003   PAD
    0x0801dc68   0x00000055   Data   RO         1802    .conststring        tcp_out.o
    0x0801dcbd   0x00000003   PAD
    0x0801dcc0   0x00000020   Data   RO         3092    Region$$Table       anon$$obj.o
    0x0801dce0   0x00000110   Data   RO         2844    locale$$data        c_w.l(lc_ctype_c.o)
    0x0801ddf0   0x0000001c   Data   RO         2958    locale$$data        c_w.l(lc_numeric_c.o)


    Execution Region RW_IRAM1 (Base: 0x20000000, Size: 0x0001fb30, Max: 0x00020000, ABSOLUTE, COMPRESSED[0x000000c4])

    Base Addr    Size         Type   Attr      Idx    E Section Name        Object

    0x20000000   0x00000014   Data   RW          322    .data               system_stm32f4xx.o
    0x20000014   0x0000000c   Data   RW          391    .data               timer.o
    0x20000020   0x00000010   Data   RW          415    .data               lan8720.o
    0x20000030   0x00000010   Data   RW          653    .data               stm32f4xx_rcc.o
    0x20000040   0x00000010   Data   RW          736    .data               stm32f4x7_eth.o
    0x20000050   0x00000004   Data   RW          845    .data               delay.o
    0x20000054   0x00000006   Data   RW          886    .data               usart.o
    0x2000005a   0x0000000a   Data   RW          917    .data               usart3.o
    0x20000064   0x00000002   Data   RW          946    .data               usart6.o
    0x20000066   0x00000002   Data   RW          973    .data               usart2.o
    0x20000068   0x0000001c   Data   RW         1000    .data               usmart.o
    0x20000084   0x00000124   Data   RW         1023    .data               usmart_config.o
    0x200001a8   0x00000008   Data   RW         1065    .data               lwip_comm.o
    0x200001b0   0x0000000b   Data   RW         1186    .data               tcp_server_demo.o
    0x200001bb   0x00000001   Data   RW         1261    .data               etharp.o
    0x200001bc   0x00000012   Data   RW         1428    .data               ip.o
    0x200001ce   0x00000002   PAD
    0x200001d0   0x00000006   Data   RW         1504    .data               ip_frag.o
    0x200001d6   0x00000002   PAD
    0x200001d8   0x0000003c   Data   RW         1615    .data               memp.o
    0x20000214   0x00000009   Data   RW         1653    .data               netif.o
    0x2000021d   0x00000003   PAD
    0x20000220   0x00000004   Data   RW         1703    .data               raw.o
    0x20000224   0x00000024   Data   RW         1741    .data               tcp.o
    0x20000248   0x00000020   Data   RW         1772    .data               tcp_in.o
    0x20000268   0x00000008   Data   RW         1823    .data               timers.o
    0x20000270   0x00000008   Data   RW         1845    .data               udp.o
    0x20000278   0x00000014   Data   RW         1871    .data               mem.o
    0x2000028c   0x00000008   Data   RW         2062    .data               sockets.o
    0x20000294   0x0000000c   Data   RW         2084    .data               tcpip.o
    0x200002a0   0x00000060   Data   RW         2117    .data               os_core.o
    0x20000300   0x00000006   Data   RW         2323    .data               os_cpu_c.o
    0x20000306   0x00000002   PAD
    0x20000308   0x00000024   Data   RW         2362    .data               malloc.o
    0x2000032c   0x00000014   Data   RW         2412    .data               driver.o
    0x20000340   0x00000010   Data   RW         2463    .data               message.o
    0x20000350   0x00000004   Data   RW         2583    .data               imu_yesense.o
    0x20000354   0x00000700   Zero   RW            4    .bss                main.o
    0x20000a54   0x000000c8   Zero   RW          389    .bss                timer.o
    0x20000b1c   0x00000004   PAD
    0x20000b20   0x00000200   Zero   RW          466    .bss                can.o
    0x20000d20   0x00000218   Zero   RW          563    .bss                mpu6050_at.o
    0x20000f38   0x0000000c   Zero   RW          735    .bss                stm32f4x7_eth.o
    0x20000f44   0x000000c8   Zero   RW          885    .bss                usart.o
    0x2000100c   0x000000c8   Zero   RW          916    .bss                usart3.o
    0x200010d4   0x00000004   PAD
    0x200010d8   0x00000320   Zero   RW          945    .bss                usart6.o
    0x200013f8   0x00000190   Zero   RW          972    .bss                usart2.o
    0x20001588   0x00000048   Zero   RW         1064    .bss                lwip_comm.o
    0x200015d0   0x000005f8   Zero   RW         1185    .bss                tcp_server_demo.o
    0x20001bc8   0x000000c8   Zero   RW         1258    .bss                etharp.o
    0x20001c90   0x00000010   Zero   RW         1470    .bss                ip_addr.o
    0x20001ca0   0x00000038   Zero   RW         1612    .bss                memp.o
    0x20001cd8   0x00000014   Zero   RW         1771    .bss                tcp_in.o
    0x20001cec   0x00000060   Zero   RW         2060    .bss                sockets.o
    0x20001d4c   0x00001328   Zero   RW         2115    .bss                os_core.o
    0x20003074   0x0001a900   Zero   RW         2360    .bss                malloc.o
    0x2001d974   0x00001b5c   Zero   RW         2461    .bss                message.o
    0x2001f4d0   0x00000060   Zero   RW         2901    .bss                c_w.l(libspace.o)
    0x2001f530   0x00000200   Zero   RW          604    HEAP                startup_stm32f40_41xxx.o
    0x2001f730   0x00000400   Zero   RW          603    STACK               startup_stm32f40_41xxx.o



  Load Region LR$$.ARM.__AT_0x10000000 (Base: 0x10000000, Size: 0x00000000, Max: 0x0000f000, ABSOLUTE)

    Execution Region ER$$.ARM.__AT_0x10000000 (Base: 0x10000000, Size: 0x0000f000, Max: 0x0000f000, ABSOLUTE, UNINIT)

    Base Addr    Size         Type   Attr      Idx    E Section Name        Object

    0x10000000   0x0000f000   Zero   RW         2356    .ARM.__AT_0x10000000  malloc.o



  Load Region LR$$.ARM.__AT_0x1000F000 (Base: 0x1000f000, Size: 0x00000000, Max: 0x00000f00, ABSOLUTE)

    Execution Region ER$$.ARM.__AT_0x1000F000 (Base: 0x1000f000, Size: 0x00000f00, Max: 0x00000f00, ABSOLUTE, UNINIT)

    Base Addr    Size         Type   Attr      Idx    E Section Name        Object

    0x1000f000   0x00000f00   Zero   RW         2357    .ARM.__AT_0x1000F000  malloc.o



  Load Region LR$$.ARM.__AT_0x68000000 (Base: 0x68000000, Size: 0x00000000, Max: 0x00032000, ABSOLUTE)

    Execution Region ER$$.ARM.__AT_0x68000000 (Base: 0x68000000, Size: 0x00032000, Max: 0x00032000, ABSOLUTE, UNINIT)

    Base Addr    Size         Type   Attr      Idx    E Section Name        Object

    0x68000000   0x00032000   Zero   RW         2358    .ARM.__AT_0x68000000  malloc.o



  Load Region LR$$.ARM.__AT_0x68032000 (Base: 0x68032000, Size: 0x00000000, Max: 0x00003200, ABSOLUTE)

    Execution Region ER$$.ARM.__AT_0x68032000 (Base: 0x68032000, Size: 0x00003200, Max: 0x00003200, ABSOLUTE, UNINIT)

    Base Addr    Size         Type   Attr      Idx    E Section Name        Object

    0x68032000   0x00003200   Zero   RW         2359    .ARM.__AT_0x68032000  malloc.o


==============================================================================

Image component sizes


      Code (inc. data)   RO Data    RW Data    ZI Data      Debug   Object Name

      3068        818          0          0          0      17617   api_lib.o
      6080       1222          0          0          0      10215   api_msg.o
       720         46          0          0        512       3846   can.o
       246          0          0          0          0       2103   convertdata.o
        62          0          0          0          0       1234   def.o
       296         16          0          4          0       1805   delay.o
      1604        516          0         20          0       8711   driver.o
      3708        604         80          1        200      10559   etharp.o
       552        134          0          0          0       4774   ethernetif.o
      1060        372          0          0          0       2670   icmp.o
         0          0          0          4          0        813   imu_yesense.o
         0          0          0          0          0       1868   inet.o
       692        104          0          0          0       3013   inet_chksum.o
        36          0          0          0          0       4592   init.o
      1024        174          0         18          0       6935   ip.o
       812        112          8          0         16      10655   ip_addr.o
      2600        486          0          6          0       6720   ip_frag.o
      1350        108          0          0          0       2493   kinematics.o
       912         56          0         16          0       3745   lan8720.o
       132         10          0          0          0        843   led.o
       772        236          0          8         72      29207   lwip_comm.o
       524        230          0          0       1792     350655   main.o
       564         18         36         36     391680       4863   malloc.o
      1860        568          0         20          0       4150   mem.o
       468        196        216         60         56       3148   memp.o
      1980        226          0         16       7004       6166   message.o
       224         20          0          0          0       1973   misc.o
      1398         38          0          0        536       6491   mpu6050_at.o
       604         14          0          0          0       1904   myiic.o
       944        340          0          0          0       3017   netbuf.o
       820        126          0          9          0       6385   netif.o
      2416        248        256         96       4904      17048   os_core.o
       200         32          0          0          0        336   os_cpu_a.o
       488          8          0          6          0      12230   os_cpu_c.o
      2060         42          0          0          0       6920   os_flag.o
       484         16          0          0          0       3140   os_mem.o
      1528         34          0          0          0       5557   os_q.o
       988         64          0          0          0       3922   os_sem.o
      1988         70          0          0          0       7577   os_task.o
       432         30          0          0          0       1810   os_time.o
      1648        134          0          0          0       5537   os_tmr.o
      4256       1236          0          0          0       9273   pbuf.o
       246          0          0          0          0       2319   queue.o
       588        134          0          4          0       3389   raw.o
      7256        666         64          8         96      17526   sockets.o
       676         18          0          0          0       2249   sram.o
        64         26        392          0       1536        844   startup_stm32f40_41xxx.o
      3648         96          0         16         12      19754   stm32f4x7_eth.o
      2544         38          0          0          0       8120   stm32f4xx_can.o
      1480         18         28          0          0       5802   stm32f4xx_fsmc.o
       660         44          0          0          0       4245   stm32f4xx_gpio.o
        20          0          0          0          0        955   stm32f4xx_it.o
      1628         52          0         16          0      13068   stm32f4xx_rcc.o
       148         12          0          0          0       1909   stm32f4xx_syscfg.o
      3234         60          0          0          0      22448   stm32f4xx_tim.o
      1108         34          0          0          0       7948   stm32f4xx_usart.o
       988        164          4          0          0       6362   sys_arch.o
       528         46          0         20          0       1803   system_stm32f4xx.o
      5260       1092        189         36          0      21723   tcp.o
      6264        964          0         32         20      15131   tcp_in.o
      4934        954         85          0          0       9719   tcp_out.o
       728        268          0         11       1528      10479   tcp_server_demo.o
       952        194          0         12          0       9912   tcpip.o
       944         66         79         12        200       3976   timer.o
       732        178          0          8          0       3271   timers.o
      1460        204          0          8          0       6982   udp.o
       412         18          0          6        200       3773   usart.o
       472         18          0          2        400       2596   usart2.o
       372         26          0         10        200       2314   usart3.o
       664         20          0          2        800       2867   usart6.o
      3132       1290         40         28          0       4302   usmart.o
         0          0        263        292          0       1604   usmart_config.o
      1320         12          0          0          0       5181   usmart_str.o

    ----------------------------------------------------------------------
    104074      15416       1780        852     411772     819091   Object Totals
         0          0         32          0          0          0   (incl. Generated)
        12          0          8          9          8          0   (incl. Padding)

    ----------------------------------------------------------------------

      Code (inc. data)   RO Data    RW Data    ZI Data      Debug   Library Member Name

        90          0          0          0          0          0   __dczerorl2.o
         8          0          0          0          0         68   __main.o
       392          4         17          0          0         92   __printf_flags_ss_wp.o
        14          0          0          0          0         68   __printf_wp.o
         0          0          0          0          0          0   __rtentry.o
        12          0          0          0          0          0   __rtentry2.o
         6          0          0          0          0          0   __rtentry4.o
        52          8          0          0          0          0   __scatter.o
        28          0          0          0          0          0   __scatter_zi.o
         6          0          0          0          0          0   _printf_c.o
        44          0          0          0          0        108   _printf_char.o
        48          6          0          0          0         96   _printf_char_common.o
        36          4          0          0          0         80   _printf_char_file.o
         6          0          0          0          0          0   _printf_d.o
       120         16          0          0          0         92   _printf_dec.o
         6          0          0          0          0          0   _printf_f.o
      1050          0          0          0          0        216   _printf_fp_dec.o
       128         16          0          0          0         84   _printf_fp_infnan.o
        88          4         40          0          0         88   _printf_hex_int.o
       178          0          0          0          0         88   _printf_intcommon.o
        78          0          0          0          0        108   _printf_pad.o
         0          0          0          0          0          0   _printf_percent.o
         4          0          0          0          0          0   _printf_percent_end.o
         6          0          0          0          0          0   _printf_s.o
        82          0          0          0          0         80   _printf_str.o
         6          0          0          0          0          0   _printf_u.o
         6          0          0          0          0          0   _printf_x.o
        22          0          0          0          0        100   _rserrno.o
        10          0          0          0          0         68   _sputc.o
        16          0          0          0          0         68   aeabi_memset.o
       220          4        148          0          0         96   bigflt0.o
      1910        128          0          0          0        672   btod.o
        12          0          0          0          0         72   exit.o
         8          0          0          0          0         68   ferror.o
         6          0          0          0          0        152   heapauxi.o
        44         10        272          0          0         76   lc_ctype_c.o
        44         10         28          0          0         76   lc_numeric_c.o
         2          0          0          0          0          0   libinit.o
        34          0          0          0          0          0   libinit2.o
         2          0          0          0          0          0   libshutdown.o
         2          0          0          0          0          0   libshutdown2.o
         8          4          0          0         96         68   libspace.o
       138          0          0          0          0         80   lludiv10.o
        88          0          0          0          0         76   memcmp.o
        24          4          0          0          0         84   noretval__2printf.o
        40          6          0          0          0         84   noretval__2sprintf.o
        16          4          0          0          0         76   rt_ctype_table.o
         8          4          0          0          0         68   rt_errno_addr_intlibspace.o
         8          4          0          0          0         68   rt_locale_intlibspace.o
        68          0          0          0          0         68   rt_memclr.o
        78          0          0          0          0         80   rt_memclr_w.o
       138          0          0          0          0         68   rt_memcpy_v6.o
       100          0          0          0          0         80   rt_memcpy_w.o
         2          0          0          0          0          0   rtexit.o
        10          0          0          0          0          0   rtexit2.o
       128          0          0          0          0         68   strcmpv7m.o
        62          0          0          0          0         76   strlen.o
        74          0          0          0          0         80   sys_stackheap_outer.o
         2          0          0          0          0         68   use_no_semi.o
         2          0          0          0          0         68   use_no_semi_2.o
        24          0          0          0          0        164   basic.o
        98          4          0          0          0        140   d2f.o
       826         16          0          0          0        492   daddsub_clz.o
        24          0          0          0          0        116   dcmpi.o
       688        140          0          0          0        256   ddiv.o
        94          4          0          0          0        140   dfix.o
        84          0          0          0          0        232   dflt_clz.o
       120          4          0          0          0        140   dleqf.o
       340         12          0          0          0        152   dmul.o
       156          4          0          0          0        140   dnaninf.o
        12          0          0          0          0        116   dretinf.o
       108          0          0          0          0        128   drleqf.o
       408         56          0          0          0        168   dsqrt_umaal.o
        86          4          0          0          0        132   f2d.o
       140          4          0          0          0        132   fnaninf.o
        10          0          0          0          0        116   fpinit.o
        10          0          0          0          0        116   fretinf.o
         4          0          0          0          0        116   printf1.o
         0          0          0          0          0          0   usenofp.o
       856        118         80          0          0        288   acos.o
       864         94         80          0          0        280   asin.o
       728        106        152          0          0        228   atan.o
       200         20          0          0          0        164   cos.o
       368         46         48          0          0        200   cos_i.o
        84         16          0          0          0        372   dunder.o
        44          0          0          0          0        248   fabs.o
        48          0          0          0          0        124   fpclassify.o
       248          0          0          0          0        152   poly.o
      1080        142        200          0          0        188   rred.o
       200         20          0          0          0        164   sin.o
       304         24         40          0          0        208   sin_i.o
       232          0          0          0          0        296   sqrt.o
       128         20          0          0          0        144   tan.o
       848         84         96          0          0        196   tan_i.o

    ----------------------------------------------------------------------
     15322       1174       1204          0         96      10224   Library Totals
        38          0          3          0          0          0   (incl. Padding)

    ----------------------------------------------------------------------

      Code (inc. data)   RO Data    RW Data    ZI Data      Debug   Library Name

      5820        236        505          0         96       3976   c_w.l
      3232        248          0          0          0       2996   fz_wm.l
      6232        690        696          0          0       3252   m_wm.l

    ----------------------------------------------------------------------
     15322       1174       1204          0         96      10224   Library Totals

    ----------------------------------------------------------------------

==============================================================================


      Code (inc. data)   RO Data    RW Data    ZI Data      Debug   

    119396      16590       2984        852     411868     809127   Grand Totals
    119396      16590       2984        196     411868     809127   ELF Image Totals (compressed)
    119396      16590       2984        196          0          0   ROM Totals

==============================================================================

    Total RO  Size (Code + RO Data)               122380 ( 119.51kB)
    Total RW  Size (RW Data + ZI Data)            412720 ( 403.05kB)
    Total ROM Size (Code + RO Data + RW Data)     122576 ( 119.70kB)

==============================================================================

